readfile: 1
eid=6885 config=? nnodes=1 nodes=?
eid=6886 config=? nnodes=1 nodes=?
eid=6889 config=? nnodes=1 nodes=?
eid=6911 config=? nnodes=1 nodes=?
eid=6920 config=? nnodes=1 nodes=?
eid=6956 config=? nnodes=1 nodes=?
eid=10614 config=? nnodes=1 nodes=?
eid=11310 config=? nnodes=1 nodes=?
eid=20038 config=? nnodes=1 nodes=?
eid=20136 config=? nnodes=1 nodes=?
eid=25201 config=? nnodes=1 nodes=?
eid=25220 config=? nnodes=1 nodes=?
eid=27905 config=3 nnodes=2 nodes=4552 5523
eid=28000 config=3 nnodes=2 nodes=25276 26287
eid=28438 config=? nnodes=1 nodes=?
eid=28443 config=? nnodes=1 nodes=?
eid=28500 config=? nnodes=1 nodes=?
eid=28511 config=? nnodes=1 nodes=?
eid=3117 config=104 nnodes=4 nodes=2563 2524 2522 2561
eid=3118 config=103 nnodes=3 nodes=2475 2523 2522
eid=19 config=103 nnodes=3 nodes=72 71 5
