count 400
1 146 151 133 134
2 151 108 109 133
3 147 150 151 146
4 150 107 108 151
5 148 152 150 147
6 152 106 107 150
7 149 153 152 148
8 153 105 106 152
9 53 54 153 149
10 54 55 105 153
11 154 156 142 143
12 156 136 137 142
13 155 157 156 154
14 157 135 136 156
15 147 146 157 155
16 146 134 135 157
17 144 158 154 143
18 158 159 155 154
19 159 148 147 155
20 51 160 145 50
21 160 158 144 145
22 52 161 160 51
23 161 159 158 160
24 53 149 161 52
25 149 148 159 161
26 162 167 138 139
27 167 142 137 138
28 163 166 167 162
29 166 143 142 167
30 164 168 166 163
31 168 144 143 166
32 165 169 168 164
33 169 145 144 168
34 48 49 169 165
35 49 50 145 169
36 170 172 41 42
37 172 141 40 41
38 171 173 172 170
39 173 140 141 172
40 163 162 173 171
41 162 139 140 173
42 43 174 170 42
43 174 175 171 170
44 175 164 163 171
45 46 176 44 45
46 176 174 43 44
47 47 177 176 46
48 177 175 174 176
49 48 165 177 47
50 165 164 175 177
51 182 187 124 125
52 187 113 114 124
53 183 186 187 182
54 186 112 113 187
55 184 188 186 183
56 188 111 112 186
57 185 189 188 184
58 189 110 111 188
59 134 133 189 185
60 133 109 110 189
61 190 192 178 179
62 192 127 128 178
63 191 193 192 190
64 193 126 127 192
65 183 182 193 191
66 182 125 126 193
67 180 194 190 179
68 194 195 191 190
69 195 184 183 191
70 136 196 181 137
71 196 194 180 181
72 135 197 196 136
73 197 195 194 196
74 134 185 197 135
75 185 184 195 197
76 198 203 129 130
77 203 178 128 129
78 199 202 203 198
79 202 179 178 203
80 200 204 202 199
81 204 180 179 202
82 201 205 204 200
83 205 181 180 204
84 139 138 205 201
85 138 137 181 205
86 206 208 36 37
87 208 132 35 36
88 207 209 208 206
89 209 131 132 208
90 199 198 209 207
91 198 130 131 209
92 38 210 206 37
93 210 211 207 206
94 211 200 199 207
95 141 212 39 40
96 212 210 38 39
97 140 213 212 141
98 213 211 210 212
99 139 201 213 140
100 201 200 211 213
101 227 232 214 215
102 232 118 119 214
103 228 231 232 227
104 231 117 118 232
105 229 233 231 228
106 233 116 117 231
107 230 234 233 229
108 234 115 116 233
109 125 124 234 230
110 124 114 115 234
111 235 237 223 224
112 237 217 218 223
113 236 238 237 235
114 238 216 217 237
115 228 227 238 236
116 227 215 216 238
117 225 239 235 224
118 239 240 236 235
119 240 229 228 236
120 127 241 226 128
121 241 239 225 226
122 126 242 241 127
123 242 240 239 241
124 125 230 242 126
125 230 229 240 242
126 243 248 219 220
127 248 223 218 219
128 244 247 248 243
129 247 224 223 248
130 245 249 247 244
131 249 225 224 247
132 246 250 249 245
133 250 226 225 249
134 130 129 250 246
135 129 128 226 250
136 251 253 31 32
137 253 222 30 31
138 252 254 253 251
139 254 221 222 253
140 244 243 254 252
141 243 220 221 254
142 33 255 251 32
143 255 256 252 251
144 256 245 244 252
145 132 257 34 35
146 257 255 33 34
147 131 258 257 132
148 258 256 255 257
149 130 246 258 131
150 246 245 256 258
151 263 268 96 97
152 268 123 95 96
153 264 267 268 263
154 267 122 123 268
155 265 269 267 264
156 269 121 122 267
157 266 270 269 265
158 270 120 121 269
159 215 214 270 266
160 214 119 120 270
161 271 273 259 260
162 273 99 100 259
163 272 274 273 271
164 274 98 99 273
165 264 263 274 272
166 263 97 98 274
167 261 275 271 260
168 275 276 272 271
169 276 265 264 272
170 217 277 262 218
171 277 275 261 262
172 216 278 277 217
173 278 276 275 277
174 215 266 278 216
175 266 265 276 278
176 279 284 101 102
177 284 259 100 101
178 280 283 284 279
179 283 260 259 284
180 281 285 283 280
181 285 261 260 283
182 282 286 285 281
183 286 262 261 285
184 220 219 286 282
185 219 218 262 286
186 287 289 26 27
187 289 104 25 26
188 288 290 289 287
189 290 103 104 289
190 280 279 290 288
191 279 102 103 290
192 28 291 287 27
193 291 292 288 287
194 292 281 280 288
195 222 293 29 30
196 293 291 28 29
197 221 294 293 222
198 294 292 291 293
199 220 282 294 221
200 282 281 292 294
201 317 322 304 305
202 322 69 70 304
203 318 321 322 317
204 321 68 69 322
205 319 323 321 318
206 323 67 68 321
207 320 324 323 319
208 324 66 67 323
209 63 64 324 320
210 64 65 66 324
211 325 327 313 314
212 327 307 308 313
213 326 328 327 325
214 328 306 307 327
215 318 317 328 326
216 317 305 306 328
217 315 329 325 314
218 329 330 326 325
219 330 319 318 326
220 61 331 316 60
221 331 329 315 316
222 62 332 331 61
223 332 330 329 331
224 63 320 332 62
225 320 319 330 332
226 333 338 309 310
227 338 313 308 309
228 334 337 338 333
229 337 314 313 338
230 335 339 337 334
231 339 315 314 337
232 336 340 339 335
233 340 316 315 339
234 58 59 340 336
235 59 60 316 340
236 341 343 108 107
237 343 312 109 108
238 342 344 343 341
239 344 311 312 343
240 334 333 344 342
241 333 310 311 344
242 106 345 341 107
243 345 346 342 341
244 346 335 334 342
245 56 347 105 55
246 347 345 106 105
247 57 348 347 56
248 348 346 345 347
249 58 336 348 57
250 336 335 346 348
251 353 358 295 296
252 358 74 75 295
253 354 357 358 353
254 357 73 74 358
255 355 359 357 354
256 359 72 73 357
257 356 360 359 355
258 360 71 72 359
259 305 304 360 356
260 304 70 71 360
261 361 363 349 350
262 363 298 299 349
263 362 364 363 361
264 364 297 298 363
265 354 353 364 362
266 353 296 297 364
267 351 365 361 350
268 365 366 362 361
269 366 355 354 362
270 307 367 352 308
271 367 365 351 352
272 306 368 367 307
273 368 366 365 367
274 305 356 368 306
275 356 355 366 368
276 369 374 300 301
277 374 349 299 300
278 370 373 374 369
279 373 350 349 374
280 371 375 373 370
281 375 351 350 373
282 372 376 375 371
283 376 352 351 375
284 310 309 376 372
285 309 308 352 376
286 377 379 113 112
287 379 303 114 113
288 378 380 379 377
289 380 302 303 379
290 370 369 380 378
291 369 301 302 380
292 111 381 377 112
293 381 382 378 377
294 382 371 370 378
295 312 383 110 109
296 383 381 111 110
297 311 384 383 312
298 384 382 381 383
299 310 372 384 311
300 372 371 382 384
301 398 403 385 386
302 403 79 80 385
303 399 402 403 398
304 402 78 79 403
305 400 404 402 399
306 404 77 78 402
307 401 405 404 400
308 405 76 77 404
309 296 295 405 401
310 295 75 76 405
311 406 408 394 395
312 408 388 389 394
313 407 409 408 406
314 409 387 388 408
315 399 398 409 407
316 398 386 387 409
317 396 410 406 395
318 410 411 407 406
319 411 400 399 407
320 298 412 397 299
321 412 410 396 397
322 297 413 412 298
323 413 411 410 412
324 296 401 413 297
325 401 400 411 413
326 414 419 390 391
327 419 394 389 390
328 415 418 419 414
329 418 395 394 419
330 416 420 418 415
331 420 396 395 418
332 417 421 420 416
333 421 397 396 420
334 301 300 421 417
335 300 299 397 421
336 422 424 118 117
337 424 393 119 118
338 423 425 424 422
339 425 392 393 424
340 415 414 425 423
341 414 391 392 425
342 116 426 422 117
343 426 427 423 422
344 427 416 415 423
345 303 428 115 114
346 428 426 116 115
347 302 429 428 303
348 429 427 426 428
349 301 417 429 302
350 417 416 427 429
351 434 439 86 87
352 439 84 85 86
353 435 438 439 434
354 438 83 84 439
355 436 440 438 435
356 440 82 83 438
357 437 441 440 436
358 441 81 82 440
359 386 385 441 437
360 385 80 81 441
361 442 444 430 431
362 444 89 90 430
363 443 445 444 442
364 445 88 89 444
365 435 434 445 443
366 434 87 88 445
367 432 446 442 431
368 446 447 443 442
369 447 436 435 443
370 388 448 433 389
371 448 446 432 433
372 387 449 448 388
373 449 447 446 448
374 386 437 449 387
375 437 436 447 449
376 450 455 91 92
377 455 430 90 91
378 451 454 455 450
379 454 431 430 455
380 452 456 454 451
381 456 432 431 454
382 453 457 456 452
383 457 433 432 456
384 391 390 457 453
385 390 389 433 457
386 458 460 123 122
387 460 94 95 123
388 459 461 460 458
389 461 93 94 460
390 451 450 461 459
391 450 92 93 461
392 121 462 458 122
393 462 463 459 458
394 463 452 451 459
395 393 464 120 119
396 464 462 121 120
397 392 465 464 393
398 465 463 462 464
399 391 453 465 392
400 453 452 463 465
