P 11573 1776.5 -76.413612365723 -835
P 12719 1806.2435302734 -134.41250610352 -835
P 12759 1806.2429199219 -134.41264343262 -900
P 12784 1776.5 -76.413612365723 -900
P 12550 1734.9547119141 -233.84185791016 -894
P 12610 1721.4072265625 -164.14633178711 -900
P 12484 1721.4072265625 -164.14633178711 -906
P 12478 1735.5270996094 -236.78674316406 -906
P 12554 1735.5270996094 -236.78674316406 -894
P 12609 1734.9547119141 -233.84185791016 -900
P 11546 1888.2839355469 -131.70880126953 -886
P 11545 1888.8563232422 -134.65368652344 -886
P 11541 1888.8563232422 -134.65368652344 -900
P 12612 1901.8312988281 -201.40432739258 -900
P 12556 1902.4036865234 -204.34921264648 -900
P 12555 1902.4036865234 -204.34921264648 -906
P 12480 1888.2839355469 -131.70880126953 -906
P 11509 1744.9663085938 -159.56692504883 -900
P 11547 1744.9663085938 -159.56692504883 -886
P 12481 1744.9663085938 -159.56692504883 -906
P 11529 1792.5 -76.413612365723 -916
P 12726 1792.5 -78.439056396484 -835
P 11525 1792.5 33 -835
P 12921 1792.5 163.87548828125 -783.52227783203
P 12887 1792.5 163.87574768066 -916
P 13210 1792.5 -44.440944671631 -835
P 13211 1792.5 -10.223570823669 -835
P 11530 1852.0375976563 -125.51106262207 -916
P 11527 1852.0375976563 -127.54849243164 -835
P 12979 1902.5991210938 -131.98236083984 -900
P 12981 1915.5770263672 -198.73243713379 -900
P 11548 1745.5386962891 -162.51179504395 -886
P 11606 1752.5 -2.5390238761902 -916
P 11607 1752.5 -2.5390238761902 -900
P 13052 1647.5 -2.5390238761902 -916
P 13053 1647.5 -2.5390238761902 -900
P 12558 1902.4036865234 -204.34921264648 -886
P 12553 1735.5270996094 -236.78674316406 -886
P 11608 1752.5 -72.539024353027 -900
P 11611 1752.5 -72.539024353027 -916
P 12994 1902.5991210938 -131.98236083984 -843.97204589844
P 12993 1899.8870849609 -118.03062438965 -843.62109375
P 11624 1902.5991210938 -131.98236083984 -916
P 12947 1899.5461425781 -116.27632141113 -916
P 11534 1918.6270751953 -214.4390411377 -916
P 12980 1918.5487060547 -214.05180358887 -900
P 13007 1885.8031005859 -118.94770050049 -916
P 13001 1886.1849365234 -120.91091156006 -835.00006103516
P 12628 1719.0809326172 -236.92741394043 -835
P 12613 1734.9547119141 -233.84185791016 -886
P 12611 1901.8312988281 -201.40432739258 -886
P 12614 1719.0845947266 -236.92669677734 -900
P 12998 1901.8317871094 -201.40431213379 -834.99938964844
P 13208 1770.4820556641 -141.3638458252 -849
P 13215 1742.4858398438 -146.80577087402 -835
P 13216 1742.4858398438 -146.80577087402 -900
P 13088 1680.9190673828 -236.92741394043 -900.00036621094
P 13089 1680.9190673828 -236.92741394043 -835
P 12868 1776.5 183 -851
P 11524 1776.5 33 -835
P 12763 1776.5 113 -900
P 12762 1776.5 113 -916
P 12886 1776.5 163.87548828125 -916
P 12826 1776.5 163.87548828125 -851
P 12920 1776.5 163.87548828125 -783.52227783203
P 12884 1776.5 183 -916
P 12885 1792.5 183 -916
P 12881 1792.5 183 -851
P 12883 1792.5 183 -783.52227783203
P 12929 1776.5 183 -783.52227783203
P 13096 1623.5 183 -851
P 13095 1607.5 183 -851
P 13104 1623.5 183 -783.52227783203
P 13112 1607.5 183 -783.52227783203
P 11531 1722.1270751953 -250.59733581543 -835
P 12999 1904.5020751953 -215.14721679688 -835.00061035156
P 13129 1677.8729248047 -250.59733581543 -835
P 13125 1495.4979248047 -215.14721679688 -835.00061035156
P 13126 1498.1682128906 -201.40431213379 -834.99938964844
P 12997 1915.5925292969 -198.84812927246 -846.53363037109
P 13000 1918.2917480469 -212.75688171387 -846.53228759766
P 12989 1888.8563232422 -134.65368652344 -835
P 13209 1871.6976318359 -137.9889831543 -849
P 13207 1773.5349121094 -157.06988525391 -849
P 13214 1745.5386962891 -162.51179504395 -835
P 11532 1722.1270751953 -252.634765625 -916
P 13006 1904.8837890625 -217.11047363281 -916
P 13204 1868.9604492188 -123.90687561035 -849
P 13092 1623.5 163.87548828125 -851
P 13114 1623.5 163.87548828125 -783.52227783203
P 13082 1593.7564697266 -134.41250610352 -835
P 13217 1623.5 -76.413612365723 -835
P 13085 1593.7570800781 -134.41264343262 -900
P 13087 1623.5 -76.413612365723 -900
P 13019 1665.0452880859 -233.84185791016 -900
P 13071 1665.0452880859 -233.84185791016 -894
P 13020 1678.5927734375 -164.14633178711 -900
P 13051 1678.5927734375 -164.14633178711 -906
P 13050 1664.4729003906 -236.78674316406 -906
P 13049 1664.4729003906 -236.78674316406 -894
P 13079 1497.5963134766 -204.34921264648 -900
P 13028 1498.1687011719 -201.40432739258 -900
P 13021 1497.5963134766 -204.34921264648 -906
P 13022 1511.7160644531 -131.70880126953 -906
P 13032 1511.7160644531 -131.70880126953 -886
P 13031 1511.1436767578 -134.65368652344 -886
P 13029 1511.1436767578 -134.65368652344 -900
P 13023 1655.0336914063 -159.56692504883 -906
P 13081 1655.0336914063 -159.56692504883 -900
P 13221 1655.0336914063 -159.56692504883 -886
P 13025 1607.5 -78.451042175293 -835
P 13026 1607.5 -76.413612365723 -916
P 13123 1607.5 33 -835
P 13113 1607.5 163.87548828125 -783.52227783203
P 13100 1607.5 163.87574768066 -916
P 13212 1607.5 -41.00846862793 -835
P 13213 1607.5 -13.308041572571 -835
P 13024 1547.9624023438 -127.54849243164 -835
P 13027 1547.9624023438 -125.51106262207 -916
P 13030 1497.4008789063 -131.98236083984 -900
P 13116 1484.4229736328 -198.73243713379 -900
P 13222 1654.4613037109 -162.51179504395 -886
P 13078 1497.5963134766 -204.34921264648 -886
P 13080 1664.4729003906 -236.78674316406 -886
P 13054 1647.5 -72.539024353027 -900
P 13057 1647.5 -72.539024353027 -916
P 13198 1520.0864257813 -120.09250640869 -916
P 13069 1514.1968994141 -118.94770050049 -916
P 13197 1501.0054931641 -218.25521850586 -916
P 13131 1495.1162109375 -217.11047363281 -916
P 13059 1497.4008789063 -131.98236083984 -843.97204589844
P 13062 1500.1129150391 -118.03062438965 -843.62109375
P 13065 1497.4008789063 -131.98236083984 -916
P 13067 1500.4538574219 -116.27632141113 -916
P 13066 1481.3729248047 -214.4390411377 -916
P 13117 1481.4512939453 -214.05180358887 -900
P 13218 1513.8150634766 -120.91090393066 -835
P 13072 1665.0452880859 -233.84185791016 -886
P 13077 1498.1687011719 -201.40432739258 -886
P 13058 1623.5 113 -916
P 13073 1623.5 113 -900
P 13130 1677.8729248047 -252.634765625 -916
P 13200 1629.5179443359 -141.3638458252 -859
P 13220 1657.5141601563 -146.80577087402 -835
P 13084 1657.5141601563 -146.80577087402 -900
P 13099 1623.5 163.87548828125 -916
P 13122 1623.5 33 -835
P 13103 1623.5 183 -916
P 13102 1607.5 183 -916
P 13101 1607.5 169 -916
P 13124 1481.7082519531 -212.75688171387 -846.53228759766
P 13127 1484.4074707031 -198.84812927246 -846.53363037109
P 13128 1511.1436767578 -134.65368652344 -835
P 13202 1626.4650878906 -157.06988525391 -859
P 13203 1528.3023681641 -137.9889831543 -859
P 13219 1654.4613037109 -162.51179504395 -835
P 13201 1531.0866699219 -123.66449737549 -859
